// Jest Snapshot v1, https://goo.gl/fbAQLP

exports[`A component default props 1`] = `ShallowWrapper {}`;
